#0 building with "default" instance using docker driver

#1 [internal] load build definition from Dockerfile
#1 transferring dockerfile: 373B done
#1 DONE 0.0s

#2 [internal] load metadata for docker.io/library/python:3.13.5-slim
#2 DONE 1.1s

#3 [internal] load .dockerignore
#3 transferring context: 64B done
#3 DONE 0.0s

#4 [1/5] FROM docker.io/library/python:3.13.5-slim@sha256:4c2cf9917bd1cbacc5e9b07320025bdb7cdf2df7b0ceaccb55e9dd7e30987419
#4 DONE 0.0s

#5 [internal] load build context
#5 transferring context: 1.23kB done
#5 DONE 0.0s

#6 [4/5] RUN pip install --no-cache-dir -r requirements.txt
#6 CACHED

#7 [2/5] WORKDIR /app
#7 CACHED

#8 [3/5] COPY requirements.txt .
#8 CACHED

#9 [5/5] COPY tablekeeper ./tablekeeper
#9 CACHED

#10 exporting to image
#10 exporting layers done
#10 writing image sha256:d08966a8c42a70b094cfbdaea8438408a1851318ca2ef37119ffaa81c12b8fa1 done
#10 naming to docker.io/library/tablekeeper-backend-numeric-before done
#10 DONE 0.0s
