WARNING: The directory '/Users/frank/Library/Caches/pip' or its parent directory is not owned or is not writable by the current user. The cache has been disabled. Check the permissions and owner of that directory. If executing pip with sudo, you should use sudo's -H flag.
Collecting Flask==3.1.2 (from -r stage-1/requirements.txt (line 1))
  Downloading flask-3.1.2-py3-none-any.whl.metadata (3.2 kB)
Collecting Werkzeug==3.1.3 (from -r stage-1/requirements.txt (line 2))
  Downloading werkzeug-3.1.3-py3-none-any.whl.metadata (3.7 kB)
Collecting Jinja2==3.1.6 (from -r stage-1/requirements.txt (line 3))
  Downloading jinja2-3.1.6-py3-none-any.whl.metadata (2.9 kB)
Collecting MarkupSafe==3.0.3 (from -r stage-1/requirements.txt (line 4))
  Downloading markupsafe-3.0.3-cp313-cp313-macosx_11_0_arm64.whl.metadata (2.7 kB)
Collecting itsdangerous==2.2.0 (from -r stage-1/requirements.txt (line 5))
  Downloading itsdangerous-2.2.0-py3-none-any.whl.metadata (1.9 kB)
Collecting click==8.3.0 (from -r stage-1/requirements.txt (line 6))
  Downloading click-8.3.0-py3-none-any.whl.metadata (2.6 kB)
Collecting blinker==1.9.0 (from -r stage-1/requirements.txt (line 7))
  Downloading blinker-1.9.0-py3-none-any.whl.metadata (1.6 kB)
Collecting gunicorn==23.0.0 (from -r stage-1/requirements.txt (line 8))
  Downloading gunicorn-23.0.0-py3-none-any.whl.metadata (4.4 kB)
Collecting packaging==25.0 (from -r stage-1/requirements.txt (line 9))
  Downloading packaging-25.0-py3-none-any.whl.metadata (3.3 kB)
Collecting tzdata==2025.2 (from -r stage-1/requirements.txt (line 10))
  Downloading tzdata-2025.2-py2.py3-none-any.whl.metadata (1.4 kB)
Downloading flask-3.1.2-py3-none-any.whl (103 kB)
Downloading werkzeug-3.1.3-py3-none-any.whl (224 kB)
Downloading jinja2-3.1.6-py3-none-any.whl (134 kB)
Downloading markupsafe-3.0.3-cp313-cp313-macosx_11_0_arm64.whl (12 kB)
Downloading itsdangerous-2.2.0-py3-none-any.whl (16 kB)
Downloading click-8.3.0-py3-none-any.whl (107 kB)
Downloading blinker-1.9.0-py3-none-any.whl (8.5 kB)
Downloading gunicorn-23.0.0-py3-none-any.whl (85 kB)
Downloading packaging-25.0-py3-none-any.whl (66 kB)
Downloading tzdata-2025.2-py2.py3-none-any.whl (347 kB)
Installing collected packages: tzdata, packaging, MarkupSafe, itsdangerous, click, blinker, Werkzeug, Jinja2, gunicorn, Flask

Successfully installed Flask-3.1.2 Jinja2-3.1.6 MarkupSafe-3.0.3 Werkzeug-3.1.3 blinker-1.9.0 click-8.3.0 gunicorn-23.0.0 itsdangerous-2.2.0 packaging-25.0 tzdata-2025.2

[notice] A new release of pip is available: 25.1.1 -> 26.2.1
[notice] To update, run: /private/tmp/tablekeeper-s1-backend-venv/bin/python3.13 -m pip install --upgrade pip
